// Jest Snapshot v1, https://goo.gl/fbAQLP

exports[`Tag Should render correctly 1`] = `
<div>
  <span
    class="sc-bdVaJa gHgWio"
  >
    wallet
    <button
      class="sc-bwzfXH sc-htpNat chgZfo"
    >
      âœ•
    </button>
  </span>
</div>
`;
